// Jest Snapshot v1, https://goo.gl/fbAQLP

exports[`NotificationManager,  when notification lifetime is over -> notification should be removed 1`] = `
<div
  className="notification-area"
/>
`;

exports[`NotificationManager,  when notify is called -> notification should appear 1`] = `
<div
  className="notification-area"
>
  <Notification
    key="0"
    msg={
      <span>
        notification content
      </span>
    }
    onClick={[Function]}
    type="success"
  />
</div>
`;
